FIX es port.badges.boss1.description
    - 'Derrotar a Goo'
    + 'Derrotar a Gú'
FIX pl port.badges.boss1.description
    - 'Pokonał Goo'
    + 'Pokonał Wielkiego Szlama'
FIX ru port.badges.boss1.description
    - 'Победил Гуу'
    + 'Победил Слизня'
FIX uk port.badges.boss1.description
    - 'Переміг Гуу'
    + 'Переміг Хлюпня'
FIX hu port.badges.boss1.description
    - 'Legyőzte Goo-t'
    + 'Legyőzte a Ragacsot'
FIX nl port.badges.boss1.description
    - 'Versloeg Goo'
    + 'Versloeg de smurrie'
FIX ja port.badges.boss1.description
    - 'グーを倒した'
    + 'グゥを倒した'
FIX cs port.badges.boss1.description
    - 'Porazil Goo'
    + 'Porazil Slizáka'
FIX el port.badges.boss1.description
    - 'Νίκησε τον Goo'
    + 'Νίκησε τον Γκου'
FIX zh port.badges.boss1.description
    - '击败 Goo'
    + '击败粘咕'
FIX be port.badges.boss1.description
    - 'Перамог Гу'
    + 'Перамог Смоўжа'
FIX eo port.badges.boss1.description
    - 'Venis Goo'
    + 'Venis Ŝmiraĵegon'
FIX sv port.badges.boss1.description
    - 'Besegrade Goo'
    + 'Besegrade Klegget'
FIX zh_hant port.badges.boss1.description
    - '擊敗 Goo'
    + '擊敗黏咕'
FIX es port.badges.boss_challenge_1.description
    - 'Derrotar a Goo solo con armas'
    + 'Derrotar a Gú solo con armas'
FIX pl port.badges.boss_challenge_1.description
    - 'Pokonał Goo, używając tylko broni'
    + 'Pokonał Wielkiego Szlama, używając tylko broni'
FIX ru port.badges.boss_challenge_1.description
    - 'Победил Гуу, используя только оружие'
    + 'Победил Слизня, используя только оружие'
FIX uk port.badges.boss_challenge_1.description
    - 'Переміг Гуу, використовуючи лише зброю'
    + 'Переміг Хлюпня, використовуючи лише зброю'
FIX hu port.badges.boss_challenge_1.description
    - 'Legyőzte Goo-t, kizárólag fegyverrel'
    + 'Legyőzte a Ragacsot, kizárólag fegyverrel'
FIX nl port.badges.boss_challenge_1.description
    - 'Versloeg Goo alleen met wapens'
    + 'Versloeg de smurrie alleen met wapens'
FIX ja port.badges.boss_challenge_1.description
    - '武器だけでグーを倒した'
    + '武器だけでグゥを倒した'
FIX cs port.badges.boss_challenge_1.description
    - 'Porazil Goo pouze se zbraněmi'
    + 'Porazil Slizáka pouze se zbraněmi'
FIX el port.badges.boss_challenge_1.description
    - 'Νίκησε τον Goo μόνο με όπλα'
    + 'Νίκησε τον Γκου μόνο με όπλα'
FIX zh port.badges.boss_challenge_1.description
    - '只用武器击败 Goo'
    + '只用武器击败粘咕'
FIX be port.badges.boss_challenge_1.description
    - 'Перамог Гу толькі зброяй'
    + 'Перамог Смоўжа толькі зброяй'
FIX eo port.badges.boss_challenge_1.description
    - 'Venis Goo nur per armiloj'
    + 'Venis Ŝmiraĵegon nur per armiloj'
FIX sv port.badges.boss_challenge_1.description
    - 'Besegrade Goo enbart med vapen'
    + 'Besegrade Klegget enbart med vapen'
FIX zh_hant port.badges.boss_challenge_1.description
    - '只用武器擊敗 Goo'
    + '只用武器擊敗黏咕'
FIX ru port.badges.boss2.description
    - 'Победил Тэнгу'
    + 'Победил Тенгу'
FIX uk port.badges.boss2.description
    - 'Переміг Тенґу'
    + 'Переміг Тенгу'
FIX ja port.badges.boss2.description
    - 'テングを倒した'
    + '天狗を倒した'
FIX cs port.badges.boss2.description
    - 'Porazil Tenga'
    + 'Porazil Tengu'
FIX el port.badges.boss2.description
    - 'Νίκησε τον Tengu'
    + 'Νίκησε τον Τένγκου'
FIX ko port.badges.boss2.description
    - '텐구를 처치함'
    + '텐구 암살자를 처치함'
FIX eo port.badges.boss2.description
    - 'Venis Tenguon'
    + 'Venis Tengon'
FIX sv port.badges.boss2.description
    - 'Besegrade Tengu'
    + 'Besegrade Tengun'
FIX ru port.badges.boss_challenge_2.description
    - 'Победил Тэнгу, используя только оружие'
    + 'Победил Тенгу, используя только оружие'
FIX uk port.badges.boss_challenge_2.description
    - 'Переміг Тенґу, використовуючи лише зброю'
    + 'Переміг Тенгу, використовуючи лише зброю'
FIX ja port.badges.boss_challenge_2.description
    - '武器だけでテングを倒した'
    + '武器だけで天狗を倒した'
FIX cs port.badges.boss_challenge_2.description
    - 'Porazil Tenga pouze se zbraněmi'
    + 'Porazil Tengu pouze se zbraněmi'
FIX el port.badges.boss_challenge_2.description
    - 'Νίκησε τον Tengu μόνο με όπλα'
    + 'Νίκησε τον Τένγκου μόνο με όπλα'
FIX ko port.badges.boss_challenge_2.description
    - '무기만 사용해 텐구를 처치함'
    + '무기만 사용해 텐구 암살자를 처치함'
FIX eo port.badges.boss_challenge_2.description
    - 'Venis Tenguon nur per armiloj'
    + 'Venis Tengon nur per armiloj'
FIX sv port.badges.boss_challenge_2.description
    - 'Besegrade Tengu enbart med vapen'
    + 'Besegrade Tengun enbart med vapen'
FIX ru port.badges.boss3.description
    - 'Победил ДМ-300'
    + 'Победил DM-300'
FIX uk port.badges.boss3.description
    - 'Переміг ДМ-300'
    + 'Переміг ЗМ-300'
FIX be port.badges.boss3.description
    - 'Перамог ДМ-300'
    + 'Перамог DM-300'
FIX ru port.badges.boss_challenge_3.description
    - 'Победил ДМ-300, используя только оружие'
    + 'Победил DM-300, используя только оружие'
FIX uk port.badges.boss_challenge_3.description
    - 'Переміг ДМ-300, використовуючи лише зброю'
    + 'Переміг ЗМ-300, використовуючи лише зброю'
FIX be port.badges.boss_challenge_3.description
    - 'Перамог ДМ-300 толькі зброяй'
    + 'Перамог DM-300 толькі зброяй'
FIX ru port.badges.boss4.description
    - 'Победил Короля гномов'
    + 'Победил Короля Дворфов'
FIX uk port.badges.boss4.description
    - 'Переміг Короля гномів'
    + 'Переміг Короля Дварфів'
FIX be port.badges.boss4.description
    - 'Перамог Караля гномаў'
    + 'Перамог Караля Дварфаў'
FIX eo port.badges.boss4.description
    - 'Venis la Nan-Reĝon'
    + 'Venis la Gnomreĝon'
FIX sv port.badges.boss4.description
    - 'Besegrade Dvärgkungen'
    + 'Besegrade Dvärgakungen'
FIX ko port.badges.boss4.description
    - '드워프 왕을 처치함'
    + '드워프 제왕을 처치함'
FIX ru port.badges.boss_challenge_4.description
    - 'Победил Короля гномов, используя только оружие'
    + 'Победил Короля Дворфов, используя только оружие'
FIX uk port.badges.boss_challenge_4.description
    - 'Переміг Короля гномів, використовуючи лише зброю'
    + 'Переміг Короля Дварфів, використовуючи лише зброю'
FIX be port.badges.boss_challenge_4.description
    - 'Перамог Караля гномаў толькі зброяй'
    + 'Перамог Караля Дварфаў толькі зброяй'
FIX eo port.badges.boss_challenge_4.description
    - 'Venis la Nan-Reĝon nur per armiloj'
    + 'Venis la Gnomreĝon nur per armiloj'
FIX sv port.badges.boss_challenge_4.description
    - 'Besegrade Dvärgkungen enbart med vapen'
    + 'Besegrade Dvärgakungen enbart med vapen'
FIX ko port.badges.boss_challenge_4.description
    - '무기만 사용해 드워프 왕을 처치함'
    + '무기만 사용해 드워프 제왕을 처치함'
FIX ru port.badges.boss_challenge_5.description
    - 'Победил Йог-Дзеву, используя только оружие'
    + 'Победил Йог-Джеву, используя только оружие'
FIX uk port.badges.boss_challenge_5.description
    - 'Переміг Йог-Дзеву, використовуючи лише зброю'
    + 'Переміг Йог-Джеву, використовуючи лише зброю'
FIX be port.badges.boss_challenge_5.description
    - 'Перамог Ёг-Дзэву толькі зброяй'
    + 'Перамог Ёг-Джаву толькі зброяй'
FIX ja port.badges.boss_challenge_5.description
    - '武器だけでヨグ＝ゼウェを倒した'
    + '武器だけでヨグ＝ゼーヴァを倒した'
FIX ko port.badges.boss_challenge_5.description
    - '무기만 사용해 요그-제와를 처치함'
    + '무기만 사용해 요그제바를 처치함'
FIX eo port.badges.boss_challenge_5.description
    - 'Venis Yog-Dzewan nur per armiloj'
    + 'Venis Jog-Dzevan nur per armiloj'
FIX it port.badges.piranhas.description
    - 'Sconfitto 6 piranha'
    + 'Sconfitti 6 piranha'
FIX hu port.badges.enemy_hazards.description
    - '10 veszélyek által segített ellenséges gyilkosság'
    + '10 ellenség megölése a veszélyek segítségével'
FIX pt port.badges.death_trap.description
    - 'Morreu para uma armadilha'
    + 'Morreu numa armadilha'
FIX pl port.badges.bag_velvet.description
    - 'Posiadał aksamitny woreczek'
    + 'Posiadał aksamitną sakiewkę'
FIX hu port.badges.bag_velvet.description
    - 'Megszerezte a bársonytasakot'
    + 'Megszerezte a bársonyzacskót'
FIX nl port.badges.bag_velvet.description
    - 'Bezat het Fluwelen Tasje'
    + 'Bezat de fluwelen buidel'
FIX in port.badges.bag_velvet.description
    - 'Memiliki Kantong Beludru'
    + 'Memiliki kantong kecil'
FIX ja port.badges.bag_velvet.description
    - 'ベルベットポーチを所持した'
    + 'ベルベットのポーチを所持した'
FIX zh port.badges.bag_velvet.description
    - '拥有天鹅绒小袋'
    + '拥有绒布袋'
FIX be port.badges.bag_velvet.description
    - 'Валодаў аксамітным мяшэчкам'
    + 'Валодаў аксамітным мяшочкам'
FIX eo port.badges.bag_velvet.description
    - 'Posedis la veluran saketon'
    + 'Posedis la veluran sakon'
FIX sv port.badges.bag_velvet.description
    - 'Ägde sammetsbörsen'
    + 'Ägde sammetspåsen'
FIX zh_hant port.badges.bag_velvet.description
    - '擁有天鵝絨小袋'
    + '擁有絨布袋'
FIX fr port.badges.bag_holder.description
    - 'Posséder le porte-parchemins'
    + 'Posséder l\'étui à parchemins'
FIX pt port.badges.bag_holder.description
    - 'Possuiu o Porta-pergaminhos'
    + 'Possuiu o canudo de pergaminhos'
FIX it port.badges.bag_holder.description
    - 'Posseduto il portascrolli'
    + 'Posseduto il tubo per pergamene'
FIX pl port.badges.bag_holder.description
    - 'Posiadał futerał na zwoje'
    + 'Posiadał tubę na zwoje'
FIX ru port.badges.bag_holder.description
    - 'Получил держатель свитков'
    + 'Получил футляр для свитков'
FIX tr port.badges.bag_holder.description
    - 'Parşömen Kılıfını edindi'
    + 'Parşömen tutacağını edindi'
FIX uk port.badges.bag_holder.description
    - 'Отримав тримач сувоїв'
    + 'Отримав футляр для сувоїв'
FIX nl port.badges.bag_holder.description
    - 'Bezat de Rollenhouder'
    + 'Bezat de rolhouder'
FIX ja port.badges.bag_holder.description
    - '巻物ホルダーを所持した'
    + '巻物入れを所持した'
FIX cs port.badges.bag_holder.description
    - 'Vlastnil pouzdro na svitky'
    + 'Vlastnil tubu na svitky'
FIX vi port.badges.bag_holder.description
    - 'Sở hữu Hộp Đựng Cuộn Giấy'
    + 'Sở hữu ống đựng cuộn giấy'
FIX el port.badges.bag_holder.description
    - 'Είχε τη Θήκη Κυλίνδρων'
    + 'Είχε τη θήκη παπύρων'
FIX ko port.badges.bag_holder.description
    - '두루마리 보관함을 소유함'
    + '주문서 보관함을 소유함'
FIX be port.badges.bag_holder.description
    - 'Валодаў трымальнікам скруткаў'
    + 'Атрымаў футляр для скруткаў'
FIX eo port.badges.bag_holder.description
    - 'Posedis la rulujon'
    + 'Posedis la skribrulaĵujon'
FIX sv port.badges.bag_holder.description
    - 'Ägde skrifthållaren'
    + 'Ägde skriftrullehållaren'
FIX zh port.badges.bag_holder.description
    - '拥有卷轴收纳袋'
    + '拥有卷轴筒'
FIX zh_hant port.badges.bag_holder.description
    - '擁有卷軸收納袋'
    + '擁有卷軸筒'
FIX fr port.badges.bag_bandolier.description
    - 'Posséder la bandoulière à potions'
    + 'Posséder la cartouchière pour potions'
FIX it port.badges.bag_bandolier.description
    - 'Posseduta la bandoliera delle pozioni'
    + 'Posseduta la cintura per pozioni'
FIX tr port.badges.bag_bandolier.description
    - 'İksir Bandolyesini edindi'
    + 'İksir palaskasını edindi'
FIX hu port.badges.bag_bandolier.description
    - 'Megszerezte a bájitalövet'
    + 'Megszerezte az italos válltáskát'
FIX nl port.badges.bag_bandolier.description
    - 'Bezat de Drankenbandelier'
    + 'Bezat de toverdrank patroontas'
FIX in port.badges.bag_bandolier.description
    - 'Memiliki Sabuk Ramuan'
    + 'Memiliki bandolier ramuan'
FIX ja port.badges.bag_bandolier.description
    - 'ポーション bandolier を所持した'
    + 'ポーション入れを所持した'
FIX cs port.badges.bag_bandolier.description
    - 'Vlastnil bandalír na lektvary'
    + 'Vlastnil pás na lektvary'
FIX vi port.badges.bag_bandolier.description
    - 'Sở hữu Đai Đựng Thuốc'
    + 'Sở hữu băng thuốc'
FIX ko port.badges.bag_bandolier.description
    - '물약 탄띠를 소유함'
    + '물약 보관대를 소유함'
FIX eo port.badges.bag_bandolier.description
    - 'Posedis la pocian bandolieron'
    + 'Posedis la flakoningon'
FIX sv port.badges.bag_bandolier.description
    - 'Ägde dryckesbandolären'
    + 'Ägde en potionbandolier'
FIX zh port.badges.bag_bandolier.description
    - '拥有药剂弹药带'
    + '拥有药剂挎带'
FIX zh_hant port.badges.bag_bandolier.description
    - '擁有藥劑彈藥帶'
    + '擁有藥瓶挎帶'
FIX fr port.badges.bag_holster.description
    - 'Posséder l’étui magique'
    + 'Posséder le carquois magique'
FIX it port.badges.bag_holster.description
    - 'Posseduta la fondina magica'
    + 'Posseduto il fodero magico'
FIX pl port.badges.bag_holster.description
    - 'Posiadał magiczną kaburę'
    + 'Posiadał magiczny pokrowiec'
FIX ru port.badges.bag_holster.description
    - 'Получил магическую кобуру'
    + 'Получил волшебный чехол'
FIX hu port.badges.bag_holster.description
    - 'Megszerezte a mágikus fegyvertartót'
    + 'Megszerezte a mágikus tegezet'
FIX nl port.badges.bag_holster.description
    - 'Bezat de Magische Holster'
    + 'Bezat het magische holster'
FIX vi port.badges.bag_holster.description
    - 'Sở hữu Bao Súng Ma Thuật'
    + 'Sở hữu bao da thần kì'
FIX ko port.badges.bag_holster.description
    - '마법 권총집을 소유함'
    + '마법 보관집을 소유함'
FIX be port.badges.bag_holster.description
    - 'Валодаў магічнай кабурай'
    + 'Атрымаў чароўны чахол'
FIX eo port.badges.bag_holster.description
    - 'Posedis la magian pistolujon'
    + 'Posedis la magian sagujon'
FIX zh port.badges.bag_holster.description
    - '拥有魔法枪套'
    + '拥有魔法筒袋'
FIX zh_hant port.badges.bag_holster.description
    - '擁有魔法槍套'
    + '擁有魔法筒袋'
FIX in port.badges.victory.description
    - 'Melarikan diri dengan Amulet'
    + 'Melarikan diri dengan Jimat'
FIX ja port.badges.victory.description
    - 'アミュレットを持って脱出した'
    + 'イェンダーの魔除けを持って脱出した'
FIX el port.badges.victory.description
    - 'Δραπέτευσε με το Φυλαχτό'
    + 'Δραπέτευσε με το Φυλακτό'
FIX vi port.badges.victory.description
    - 'Thoát ra cùng Bùa Hộ Mệnh'
    + 'Thoát ra cùng Tấm bùa'
FIX be port.badges.victory.description
    - 'Збег з Амулетам'
    + 'Збег з Кудменем'
FIX ru port.badges.happy_end.description
    - 'Вынес Амулет Йендора на поверхность'
    + 'Вынес Амулет Индора на поверхность'
FIX uk port.badges.happy_end.description
    - 'Виніс Амулет Єндора на поверхню'
    + 'Виніс Амулет Єндера на поверхню'
FIX tr port.badges.happy_end.description
    - 'Yendor Tılsımını yeryüzüne çıkardı'
    + 'Yendor\'un Muskasını yeryüzüne çıkardı'
FIX in port.badges.happy_end.description
    - 'Membawa Amulet Yendor ke permukaan'
    + 'Membawa Jimat Yendor ke permukaan'
FIX ja port.badges.happy_end.description
    - 'イェンドールのアミュレットを地上へ持ち帰った'
    + 'イェンダーの魔除けを地上へ持ち帰った'
FIX el port.badges.happy_end.description
    - 'Έφερε το Φυλαχτό του Yendor στην επιφάνεια'
    + 'Έφερε το Φυλακτό του Γέντορ στην επιφάνεια'
FIX ko port.badges.happy_end.description
    - '옌도르의 부적을 지상으로 가져감'
    + '옌더의 부적을 지상으로 가져감'
FIX zh port.badges.happy_end.description
    - '将扬铎护符带到地表'
    + '将Yendor护符带到地表'
FIX be port.badges.happy_end.description
    - 'Вынес Амулет Ёндара на паверхню'
    + 'Вынес Кудмень Эндора на паверхню'
FIX eo port.badges.happy_end.description
    - 'Portis la Amuleton de Yendor al la surfaco'
    + 'Portis la Amuleton de Jendor al la surfaco'
FIX vi port.badges.happy_end.description
    - 'Đưa Bùa Hộ Mệnh Yendor lên mặt đất'
    + 'Đưa Tấm bùa Yendor lên mặt đất'
FIX zh_hant port.badges.happy_end.description
    - '將揚鐸護符帶到地表'
    + '將Yendor護符帶到地表'
FIX ru port.badges.pacifist_ascent.description
    - 'Вынес Амулет Йендора на поверхность, ни разу не ослабив его проклятие'
    + 'Вынес Амулет Индора на поверхность, ни разу не ослабив его проклятие'
FIX uk port.badges.pacifist_ascent.description
    - 'Виніс Амулет Єндора на поверхню, жодного разу не послабивши його прокляття'
    + 'Виніс Амулет Єндера на поверхню, жодного разу не послабивши його прокляття'
FIX tr port.badges.pacifist_ascent.description
    - 'Laneti hiç hafifletmeden Yendor Tılsımını yeryüzüne çıkardı'
    + 'Laneti hiç hafifletmeden Yendor\'un Muskasını yeryüzüne çıkardı'
FIX in port.badges.pacifist_ascent.description
    - 'Membawa Amulet Yendor ke permukaan tanpa pernah mengurangi kutukannya'
    + 'Membawa Jimat Yendor ke permukaan tanpa pernah mengurangi kutukannya'
FIX ja port.badges.pacifist_ascent.description
    - '呪いを一度も弱めずにアミュレットを地上へ持ち帰った'
    + '呪いを一度も弱めずにイェンダーの魔除けを地上へ持ち帰った'
FIX vi port.badges.pacifist_ascent.description
    - 'Đưa Bùa Hộ Mệnh Yendor lên mặt đất mà chưa từng làm suy yếu lời nguyền'
    + 'Đưa Tấm bùa Yendor lên mặt đất mà chưa từng làm suy yếu lời nguyền'
FIX el port.badges.pacifist_ascent.description
    - 'Έφερε το Φυλαχτό του Yendor στην επιφάνεια χωρίς ποτέ να μειώσει τη δύναμη της κατάρας του'
    + 'Έφερε το Φυλακτό του Γέντορ στην επιφάνεια χωρίς ποτέ να μειώσει τη δύναμη της κατάρας του'
FIX zh port.badges.pacifist_ascent.description
    - '从未削弱护符诅咒，仍将扬铎护符带到地表'
    + '从未削弱护符诅咒，仍将Yendor护符带到地表'
FIX be port.badges.pacifist_ascent.description
    - 'Вынес Амулет Ёндара на паверхню, ні разу не аслабіўшы яго праклён'
    + 'Вынес Кудмень Эндора на паверхню, ні разу не аслабіўшы яго праклён'
FIX eo port.badges.pacifist_ascent.description
    - 'Portis la Amuleton de Yendor al la surfaco sen iam malfortigi ĝian malbenon'
    + 'Portis la Amuleton de Jendor al la surfaco sen iam malfortigi ĝian malbenon'
FIX zh_hant port.badges.pacifist_ascent.description
    - '從未削弱護符詛咒，仍將揚鐸護符帶到地表'
    + '從未削弱護符詛咒，仍將Yendor護符帶到地表'
FIX ru port.badges.unlock_mage.description
    - 'Использовал свиток улучшения'
    + 'Использовал свиток Улучшения'
FIX uk port.badges.unlock_mage.description
    - 'Використав сувій поліпшення'
    + 'Використав сувій покращення'
FIX hu port.badges.unlock_mage.description
    - 'Felhasznált egy fejlesztőtekercset'
    + 'Felhasznált egy fejlesztéstekercset'
FIX nl port.badges.unlock_mage.description
    - 'Gebruikte een Verbeteringsrol'
    + 'Gebruikte een rol van opwaardering'
FIX ja port.badges.unlock_mage.description
    - 'アップグレードの巻物を使った'
    + '強化の巻物を使った'
FIX it port.badges.unlock_mage.description
    - 'Usata una pergamena di potenziamento'
    + 'Usata una pergamena del miglioramento'
FIX el port.badges.unlock_mage.description
    - 'Χρησιμοποίησε Κύλινδρο Αναβάθμισης'
    + 'Χρησιμοποίησε πάπυρο αναβάθμισης'
FIX ko port.badges.unlock_mage.description
    - '강화 두루마리를 사용함'
    + '강화의 주문서를 사용함'
FIX be port.badges.unlock_mage.description
    - 'Выкарыстаў скрутак паляпшэння'
    + 'Выкарыстаў скрутак Паляпшэння'
FIX eo port.badges.unlock_mage.description
    - 'Uzis plibonigan rulon'
    + 'Uzis skribrulaĵon de plibonigo'
FIX sv port.badges.unlock_mage.description
    - 'Använde en uppgraderingsskriftrulle'
    + 'Använde en skriftrulle av uppgradering'
FIX fr port.badges.unlock_huntress.description
    - 'Toucher un ennemi avec 10 armes de jet'
    + '10 attaques avec des armes de jet'
FIX tr port.badges.unlock_huntress.description
    - '10 fırlatılan silah saldırısı'
    + 'Fırlatılan silahlarla 10 saldırı'
