sv lang tab: tapped
[sv] icons=34 windows=1 descIndex=0
  ok sv boss1 (Goo name): Besegrade Klegget ÔÇö locked
  ok sv boss_challenge_1: Besegrade Klegget enbart med vapen ÔÇö locked
  ok sv boss2 (Tengu name): Besegrade Tengun ÔÇö locked
  ok sv bag_velvet: ├ägde sammetsp├Ñsen ÔÇö locked
  ok sv bag_holder: ├ägde skriftrulleh├Ñllaren ÔÇö locked
  ok sv bag_bandolier: ├ägde en potionbandolier ÔÇö locked
  ok sv unlock_mage: Anv├ñnde en skriftrulle av uppgradering ÔÇö locked
sv show1: Besegrade Klegget ÔÇö locked
sv show2: ├ägde skriftrulleh├Ñllaren ÔÇö locked
be lang tab: already
[be] icons=34 windows=1 descIndex=0
  ok be boss1: ðƒðÁÐÇð░ð╝ð¥ð│ ðíð╝ð¥Ð×ðÂð░ ÔÇö locked
  ok be boss3 (Latin DM-300): ðƒðÁÐÇð░ð╝ð¥ð│ DM-300 ÔÇö locked
  ok be boss4: ðƒðÁÐÇð░ð╝ð¥ð│ ðÜð░ÐÇð░ð╗ÐÅ ðöð▓ð░ÐÇÐäð░Ð× ÔÇö locked
  ok be boss_challenge_5 (Yog): ðƒðÁÐÇð░ð╝ð¥ð│ ðüð│-ðöðÂð░ð▓Ðâ Ðéð¥ð╗Ðîð║Ðû ðÀð▒ÐÇð¥ÐÅð╣ ÔÇö locked
  ok be bag_holder: ðÉÐéÐÇÐïð╝ð░Ð× ÐäÐâÐéð╗ÐÅÐÇ ð┤ð╗ÐÅ Ðüð║ÐÇÐâÐéð║ð░Ð× ÔÇö locked
  ok be bag_velvet: ðÆð░ð╗ð¥ð┤ð░Ð× ð░ð║Ðüð░ð╝ÐûÐéð¢Ðïð╝ ð╝ÐÅÐêð¥Ðçð║ð░ð╝ ÔÇö locked
  ok be happy_end (Amulet): ðÆÐïð¢ðÁÐü ðÜÐâð┤ð╝ðÁð¢Ðî ð¡ð¢ð┤ð¥ÐÇð░ ð¢ð░ ð┐ð░ð▓ðÁÐÇÐàð¢ÐÄ ÔÇö locked
  ok be unlock_mage: ðÆÐïð║ð░ÐÇÐïÐüÐéð░Ð× Ðüð║ÐÇÐâÐéð░ð║ ðƒð░ð╗ÐÅð┐ÐêÐìð¢ð¢ÐÅ ÔÇö locked
be show1: ðÆÐïð¢ðÁÐü ðÜÐâð┤ð╝ðÁð¢Ðî ð¡ð¢ð┤ð¥ÐÇð░ ð¢ð░ ð┐ð░ð▓ðÁÐÇÐàð¢ÐÄ ÔÇö locked
be show2: ðÉÐéÐÇÐïð╝ð░Ð× ÐäÐâÐéð╗ÐÅÐÇ ð┤ð╗ÐÅ Ðüð║ÐÇÐâÐéð║ð░Ð× ÔÇö locked
R074 LV OK: sv + be badge descriptions verified live, no console errors
